stm32l4xx_ll_sdmmc.c:220:19:SDMMC_Init	24	static
stm32l4xx_ll_sdmmc.c:277:10:SDMMC_ReadFIFO	16	static
stm32l4xx_ll_sdmmc.c:289:19:SDMMC_WriteFIFO	16	static
stm32l4xx_ll_sdmmc.c:321:19:SDMMC_PowerState_ON	16	static
stm32l4xx_ll_sdmmc.c:357:19:SDMMC_PowerState_OFF	16	static
stm32l4xx_ll_sdmmc.c:378:10:SDMMC_GetPowerState	16	static
stm32l4xx_ll_sdmmc.c:391:19:SDMMC_SendCommand	24	static
stm32l4xx_ll_sdmmc.c:421:9:SDMMC_GetCommandResponse	16	static
stm32l4xx_ll_sdmmc.c:438:10:SDMMC_GetResponse	24	static
stm32l4xx_ll_sdmmc.c:459:19:SDMMC_ConfigData	24	static
stm32l4xx_ll_sdmmc.c:494:10:SDMMC_GetDataCounter	16	static
stm32l4xx_ll_sdmmc.c:504:10:SDMMC_GetFIFOCount	16	static
stm32l4xx_ll_sdmmc.c:518:19:SDMMC_SetSDMMCReadWaitMode	16	static
stm32l4xx_ll_sdmmc.c:553:10:SDMMC_CmdBlockLength	40	static
stm32l4xx_ll_sdmmc.c:577:10:SDMMC_CmdReadSingleBlock	40	static
stm32l4xx_ll_sdmmc.c:601:10:SDMMC_CmdReadMultiBlock	40	static
stm32l4xx_ll_sdmmc.c:625:10:SDMMC_CmdWriteSingleBlock	40	static
stm32l4xx_ll_sdmmc.c:649:10:SDMMC_CmdWriteMultiBlock	40	static
stm32l4xx_ll_sdmmc.c:673:10:SDMMC_CmdSDEraseStartAdd	40	static
stm32l4xx_ll_sdmmc.c:697:10:SDMMC_CmdSDEraseEndAdd	40	static
stm32l4xx_ll_sdmmc.c:721:10:SDMMC_CmdEraseStartAdd	40	static
stm32l4xx_ll_sdmmc.c:745:10:SDMMC_CmdEraseEndAdd	40	static
stm32l4xx_ll_sdmmc.c:769:10:SDMMC_CmdErase	40	static
stm32l4xx_ll_sdmmc.c:793:10:SDMMC_CmdStopTransfer	40	static
stm32l4xx_ll_sdmmc.c:828:10:SDMMC_CmdSelDesel	48	static
stm32l4xx_ll_sdmmc.c:852:10:SDMMC_CmdGoIdleState	40	static
stm32l4xx_ll_sdmmc.c:875:10:SDMMC_CmdOperCond	40	static
stm32l4xx_ll_sdmmc.c:906:10:SDMMC_CmdAppCommand	40	static
stm32l4xx_ll_sdmmc.c:934:10:SDMMC_CmdAppOperCommand	40	static
stm32l4xx_ll_sdmmc.c:962:10:SDMMC_CmdBusWidth	40	static
stm32l4xx_ll_sdmmc.c:985:10:SDMMC_CmdSendSCR	40	static
stm32l4xx_ll_sdmmc.c:1009:10:SDMMC_CmdSendCID	40	static
stm32l4xx_ll_sdmmc.c:1034:10:SDMMC_CmdSendCSD	40	static
stm32l4xx_ll_sdmmc.c:1059:10:SDMMC_CmdSetRelAdd	40	static
stm32l4xx_ll_sdmmc.c:1084:10:SDMMC_CmdSendStatus	40	static
stm32l4xx_ll_sdmmc.c:1107:10:SDMMC_CmdStatusRegister	40	static
stm32l4xx_ll_sdmmc.c:1132:10:SDMMC_CmdOpCondition	40	static
stm32l4xx_ll_sdmmc.c:1156:10:SDMMC_CmdSwitch	40	static
stm32l4xx_ll_sdmmc.c:1241:17:SDMMC_GetCmdError	16	static
stm32l4xx_ll_sdmmc.c:1268:17:SDMMC_GetCmdResp1	40	static
stm32l4xx_ll_sdmmc.c:1408:17:SDMMC_GetCmdResp2	24	static
stm32l4xx_ll_sdmmc.c:1452:17:SDMMC_GetCmdResp3	24	static
stm32l4xx_ll_sdmmc.c:1492:17:SDMMC_GetCmdResp6	40	static
stm32l4xx_ll_sdmmc.c:1565:17:SDMMC_GetCmdResp7	24	static
