stm32l4xx_hal_sd.c:354:19:HAL_SD_Init	16	static
stm32l4xx_hal_sd.c:480:19:HAL_SD_InitCard	72	static
stm32l4xx_hal_sd.c:554:19:HAL_SD_DeInit	16	static
stm32l4xx_hal_sd.c:611:13:HAL_SD_MspInit	16	static
stm32l4xx_hal_sd.c:626:13:HAL_SD_MspDeInit	16	static
stm32l4xx_hal_sd.c:667:19:HAL_SD_ReadBlocks	80	static
stm32l4xx_hal_sd.c:901:19:HAL_SD_WriteBlocks	80	static
stm32l4xx_hal_sd.c:1106:19:HAL_SD_ReadBlocks_IT	56	static
stm32l4xx_hal_sd.c:1216:19:HAL_SD_WriteBlocks_IT	56	static
stm32l4xx_hal_sd.c:1335:19:HAL_SD_ReadBlocks_DMA	56	static
stm32l4xx_hal_sd.c:1482:19:HAL_SD_WriteBlocks_DMA	56	static
stm32l4xx_hal_sd.c:1634:19:HAL_SD_Erase	40	static
stm32l4xx_hal_sd.c:1736:6:HAL_SD_IRQHandler	24	static
stm32l4xx_hal_sd.c:2045:21:HAL_SD_GetState	16	static
stm32l4xx_hal_sd.c:2056:10:HAL_SD_GetError	16	static
stm32l4xx_hal_sd.c:2066:13:HAL_SD_TxCpltCallback	16	static
stm32l4xx_hal_sd.c:2081:13:HAL_SD_RxCpltCallback	16	static
stm32l4xx_hal_sd.c:2096:13:HAL_SD_ErrorCallback	16	static
stm32l4xx_hal_sd.c:2111:13:HAL_SD_AbortCallback	16	static
stm32l4xx_hal_sd.c:2428:19:HAL_SD_GetCardCID	16	static
stm32l4xx_hal_sd.c:2461:19:HAL_SD_GetCardCSD	16	static
stm32l4xx_hal_sd.c:2575:19:HAL_SD_GetCardStatus	88	static
stm32l4xx_hal_sd.c:2629:19:HAL_SD_GetCardInfo	16	static
stm32l4xx_hal_sd.c:2654:19:HAL_SD_ConfigWideBusOperation	72	static
stm32l4xx_hal_sd.c:2950:25:HAL_SD_GetCardState	32	static
stm32l4xx_hal_sd.c:2973:19:HAL_SD_Abort	24	static
stm32l4xx_hal_sd.c:3044:19:HAL_SD_Abort_IT	24	static
stm32l4xx_hal_sd.c:3163:13:SD_DMATransmitCplt	24	static
stm32l4xx_hal_sd.c:3176:13:SD_DMAReceiveCplt	24	static
stm32l4xx_hal_sd.c:3218:13:SD_DMAError	32	static
stm32l4xx_hal_sd.c:3258:13:SD_DMATxAbort	24	static
stm32l4xx_hal_sd.c:3297:13:SD_DMARxAbort	24	static
stm32l4xx_hal_sd.c:3337:17:SD_InitCard	96	static
stm32l4xx_hal_sd.c:3431:17:SD_PowerON	32	static
stm32l4xx_hal_sd.c:3602:13:SD_PowerOFF	16	static
stm32l4xx_hal_sd.c:3615:17:SD_SendSDStatus	56	static
stm32l4xx_hal_sd.c:3729:17:SD_SendStatus	24	static
stm32l4xx_hal_sd.c:3756:17:SD_WideBus_Enable	32	static
stm32l4xx_hal_sd.c:3803:17:SD_WideBus_Disable	32	static
stm32l4xx_hal_sd.c:3852:17:SD_FindSCR	72	static
stm32l4xx_hal_sd.c:3963:13:SD_Read_IT	32	static
stm32l4xx_hal_sd.c:4002:13:SD_Write_IT	32	static
