core_cm4.h:1688:22:__NVIC_EnableIRQ	16	static
core_cm4.h:1724:22:__NVIC_DisableIRQ	16	static
drv_usart.c:96:17:stm32_configure	24	static
drv_usart.c:157:17:stm32_control	32	static
drv_usart.c:193:12:stm32_putc	24	static
drv_usart.c:211:12:stm32_getc	24	static
drv_usart.c:232:18:stm32_dma_transmit	32	static
drv_usart.c:271:13:uart_isr	24	static
drv_usart.c:396:6:USART1_IRQHandler	8	static
drv_usart.c:888:13:stm32_uart_get_dma_config	4	static
drv_usart.c:975:5:rt_hw_usart_init	40	static
