drv_gpio.c:280:32:get_pin	24	static
drv_gpio.c:298:13:stm32_pin_write	32	static
drv_gpio.c:311:12:stm32_pin_read	24	static
drv_gpio.c:329:13:stm32_pin_mode	48	static
drv_gpio.c:380:22:bit2bitno	24	static
drv_gpio.c:393:37:get_pin_irq_map	24	static
drv_gpio.c:403:17:stm32_pin_attach_irq	40	static
drv_gpio.c:444:17:stm32_pin_dettach_irq	32	static
drv_gpio.c:476:17:stm32_pin_irq_enable	64	static
drv_gpio.c:614:16:pin_irq_hdr	16	static
drv_gpio.c:633:6:HAL_GPIO_EXTI_Callback	16	static
drv_gpio.c:675:6:EXTI0_IRQHandler	8	static
drv_gpio.c:682:6:EXTI1_IRQHandler	8	static
drv_gpio.c:689:6:EXTI2_IRQHandler	8	static
drv_gpio.c:696:6:EXTI3_IRQHandler	8	static
drv_gpio.c:703:6:EXTI4_IRQHandler	8	static
drv_gpio.c:710:6:EXTI9_5_IRQHandler	8	static
drv_gpio.c:721:6:EXTI15_10_IRQHandler	8	static
drv_gpio.c:734:5:rt_hw_pin_init	40	static
